// Jest Snapshot v1, https://goo.gl/fbAQLP

exports[`testing navigation sidebar should render links correctly 1`] = `ShallowWrapper {}`;

exports[`testing navigation topbar should render links correctly 1`] = `ShallowWrapper {}`;
